// Jest Snapshot v1, https://goo.gl/fbAQLP

exports[`AVGGroup: AVGGroup 1`] = `
{
  "type": "group",
}
`;
