// Jest Snapshot v1, https://goo.gl/fbAQLP

exports[`AVGText: AVGText 1`] = `
{
  "type": "text",
}
`;
