// Jest Snapshot v1, https://goo.gl/fbAQLP

exports[`BlendFilter: BlendFilter 1`] = `
{
  "type": "Blend",
}
`;
