// Jest Snapshot v1, https://goo.gl/fbAQLP

exports[`BlurFilter: BlurFilter 1`] = `
{
  "type": "Blur",
}
`;
