// Jest Snapshot v1, https://goo.gl/fbAQLP

exports[`ColorFilter: ColorFilter 1`] = `
{
  "type": "Color",
}
`;
