// Jest Snapshot v1, https://goo.gl/fbAQLP

exports[`GradientFilter: GradientFilter 1`] = `
{
  "type": "Gradient",
}
`;
