// Jest Snapshot v1, https://goo.gl/fbAQLP

exports[`GrayscaleFilter: GrayscaleFilter 1`] = `
{
  "type": "Grayscale",
}
`;
