// Jest Snapshot v1, https://goo.gl/fbAQLP

exports[`NoiseFilter: NoiseFilter 1`] = `
{
  "type": "Noise",
}
`;
