// Jest Snapshot v1, https://goo.gl/fbAQLP

exports[`APLAAudio: APLAAudio 1`] = `
{
  "source": "",
  "type": "Audio",
}
`;
