// Jest Snapshot v1, https://goo.gl/fbAQLP

exports[`ClearFocusCommand: ClearFocusCommand 1`] = `
{
  "type": "ClearFocus",
}
`;
