// Jest Snapshot v1, https://goo.gl/fbAQLP

exports[`ControlMediaCommand: ControlMediaCommand 1`] = `
{
  "command": "next",
  "type": "ControlMedia",
}
`;
