// Jest Snapshot v1, https://goo.gl/fbAQLP

exports[`IdleCommand: IdleCommand 1`] = `
{
  "delay": 1000,
  "type": "Idle",
}
`;
