// Jest Snapshot v1, https://goo.gl/fbAQLP

exports[`ParallelCommand: ParallelCommand 1`] = `
{
  "commands": [
    {
      "arguments": [
        "uniqueId",
      ],
      "type": "SendEvent",
    },
  ],
  "type": "Parallel",
}
`;
