// Jest Snapshot v1, https://goo.gl/fbAQLP

exports[`ScrollToIndexCommand: ScrollToIndexCommand 1`] = `
{
  "index": 1,
  "type": "ScrollToIndex",
}
`;
