// Jest Snapshot v1, https://goo.gl/fbAQLP

exports[`ScrollToComponentCommand: ScrollToComponentCommand 1`] = `
{
  "type": "ScrollToComponent",
}
`;
