// Jest Snapshot v1, https://goo.gl/fbAQLP

exports[`SendEventCommand: SendEventCommand 1`] = `
{
  "arguments": [
    "uniqueId",
  ],
  "type": "SendEvent",
}
`;
