// Jest Snapshot v1, https://goo.gl/fbAQLP

exports[`SetFocusCommand: SetFocusCommand 1`] = `
{
  "type": "SetFocus",
}
`;
