// Jest Snapshot v1, https://goo.gl/fbAQLP

exports[`SetPageCommand: SetPageCommand 1`] = `
{
  "type": "SetPage",
  "value": 3,
}
`;
