// Jest Snapshot v1, https://goo.gl/fbAQLP

exports[`APLContainer: APLContainer 1`] = `
{
  "items": [
    {
      "onCursorEnter": [
        {
          "arguments": [
            "1",
          ],
          "type": "SendEvent",
        },
      ],
      "onCursorExit": [
        {
          "arguments": [
            "1",
          ],
          "type": "SendEvent",
        },
      ],
      "onMount": [
        {
          "arguments": [
            "1",
          ],
          "type": "SendEvent",
        },
      ],
      "text": "placeholder",
      "type": "Text",
    },
  ],
  "onCursorEnter": [
    {
      "arguments": [
        "1",
      ],
      "type": "SendEvent",
    },
  ],
  "onCursorExit": [
    {
      "arguments": [
        "1",
      ],
      "type": "SendEvent",
    },
  ],
  "onMount": [
    {
      "arguments": [
        "1",
      ],
      "type": "SendEvent",
    },
  ],
  "type": "Container",
}
`;
