// Jest Snapshot v1, https://goo.gl/fbAQLP

exports[`Locale: Locale 1`] = `
{
  "interactionModel": {
    "languageModel": {
      "intents": [
        {
          "name": "test",
          "samples": [
            "",
          ],
          "slots": [],
        },
        {
          "name": "AMAZON.CancelIntent",
          "samples": [],
        },
        {
          "name": "AMAZON.StopIntent",
          "samples": [],
        },
        {
          "name": "AMAZON.HelpIntent",
          "samples": [],
        },
        {
          "name": "AMAZON.FallbackIntent",
          "samples": [],
        },
      ],
      "invocationName": "locale",
    },
  },
}
`;
