// Jest Snapshot v1, https://goo.gl/fbAQLP

exports[`APLADocument: APLADocument 1`] = `
{
  "mainTemplate": {
    "items": [],
    "parameters": [],
  },
  "type": "APLA",
  "version": "0.91",
}
`;
